// Jest Snapshot v1, https://goo.gl/fbAQLP

exports[`it matches snapshot 1`] = `
<div
  class="container"
>
  <header
    class="header"
  >
    <img
      alt="logo"
      class="logo"
      src="logo.svg"
    />
    <p>
      Edit 
      <code
        class="code"
      >
        src/App.js
      </code>
       and save to reload.
    </p>
    <a
      class="link"
      href="https://reactjs.org"
      rel="noopener noreferrer"
      target="_blank"
    >
      Learn React
    </a>
  </header>
</div>
`;
